########## YCSB-a (jemalloc) ##########
load done; starting 10000000 Zipfian GETs (theta=0.99)
done
   shutting the server down so the tool writes its summary

# M5 Figure 4: P(page has at most N unique 64B words accessed)
N       pct_of_page   P(<=N)
  4         6.25%   0.0021
  8         12.5%   0.0109
 16           25%   0.6361
 32           50%   0.8570
 48           75%   0.9416

# P(page has at least 48 of 64 words accessed) = 0.1136
epochs             13
llc_miss_ratio     0.009379  (DRAM accesses per memory ref)
page_observations  2291010   (page x epoch pairs with >=1 access)
mean_unique_words  23.713 / 64
top4_word_share    0.1860   (share of accesses in each page's 4 hottest words)

M5 Figure 4 for redis:  P(<=4)=0.51  P(<=8)=0.765  P(<=16)=0.865  P(<=32)=0.925  P(<=48)=0.94

########## YCSB-c (jemalloc) ##########
load done; starting 10000000 Zipfian GETs (theta=0.99)
done
   shutting the server down so the tool writes its summary

# M5 Figure 4: P(page has at most N unique 64B words accessed)
N       pct_of_page   P(<=N)
  4         6.25%   0.0013
  8         12.5%   0.0063
 16           25%   0.6216
 32           50%   0.8508
 48           75%   0.9396

# P(page has at least 48 of 64 words accessed) = 0.1155
epochs             13
llc_miss_ratio     0.009622  (DRAM accesses per memory ref)
page_observations  2295443   (page x epoch pairs with >=1 access)
mean_unique_words  24.051 / 64
top4_word_share    0.1842   (share of accesses in each page's 4 hottest words)

M5 Figure 4 for redis:  P(<=4)=0.51  P(<=8)=0.765  P(<=16)=0.865  P(<=32)=0.925  P(<=48)=0.94

REDIS_BOTH_DONE
