########## tc [stock] ##########
/bin/bash: line 4: 44698 Killed                     ./experiments/run_all_gapbs.sh stock tc
=== gapbs-tc [spr-20t]  threads=1 epoch=10M variant=stock ===
    ./tc -f /home/zajason/dev/advarch/memory_tiering/bench/gapbs/graphs/kron-21.sg -n 1
########## bfs [userspace-load] ##########
grep: /home/zajason/dev/advarch/memory_tiering/results/spr-20t-ul/gapbs-bfs.run.log: binary file matches
!! no ROI symbol matched -- the binary is probably missing the markers
!! rebuild it with benchmarks/patches/*.patch applied

# M5 Figure 4: P(page has at most N unique 64B words accessed)
N       pct_of_page   P(<=N)
  4         6.25%   0.1501
  8         12.5%   0.2886
 16           25%   0.5882
 32           50%   0.8072
 48           75%   0.8125

# P(page has at least 48 of 64 words accessed) = 0.1875
epochs             15
llc_miss_ratio     0.060824  (DRAM accesses per memory ref)
page_observations  1752957   (page x epoch pairs with >=1 access)
mean_unique_words  21.850 / 64
top4_word_share    0.1503   (share of accesses in each page's 4 hottest words)

########## cc [userspace-load] ##########
=== gapbs-cc [spr-20t-ul]  threads=1 epoch=10M variant=userspace-load ===
    ./cc -f /home/zajason/dev/advarch/memory_tiering/bench/gapbs/graphs/kron-23.sg -n 8
grep: /home/zajason/dev/advarch/memory_tiering/results/spr-20t-ul/gapbs-cc.run.log: binary file matches

# M5 Figure 4: P(page has at most N unique 64B words accessed)
N       pct_of_page   P(<=N)
  4         6.25%   0.1117
  8         12.5%   0.2439
 16           25%   0.5384
 32           50%   0.7481
 48           75%   0.7519

# P(page has at least 48 of 64 words accessed) = 0.2481
epochs             15
llc_miss_ratio     0.033565  (DRAM accesses per memory ref)
page_observations  2417997   (page x epoch pairs with >=1 access)
mean_unique_words  25.304 / 64
top4_word_share    0.1288   (share of accesses in each page's 4 hottest words)

########## sssp [userspace-load] ##########
=== gapbs-sssp [spr-20t-ul]  threads=1 epoch=10M variant=userspace-load ===
    ./sssp -f /home/zajason/dev/advarch/memory_tiering/bench/gapbs/graphs/kron-23.wsg -n 1
