########## bfs [userspace-load] ##########
Average Time:        4.06141
[hotskew] wrote /home/zajason/dev/advarch/memory_tiering/results/spr-20t-ul/gapbs-bfs.summary.txt
    wall 34.15 s   maxrss 1396176 KB

# M5 Figure 4: P(page has at most N unique 64B words accessed)
N       pct_of_page   P(<=N)
  4         6.25%   0.0626
  8         12.5%   0.1363
 16           25%   0.2654
 32           50%   0.3192
 48           75%   0.3200

# P(page has at least 48 of 64 words accessed) = 0.6800
epochs             5
llc_miss_ratio     0.019807  (DRAM accesses per memory ref)
page_observations  527434   (page x epoch pairs with >=1 access)
mean_unique_words  46.860 / 64
top4_word_share    0.0801   (share of accesses in each page's 4 hottest words)

########## cc [userspace-load] ##########
Average Time:        6.98559
[hotskew] wrote /home/zajason/dev/advarch/memory_tiering/results/spr-20t-ul/gapbs-cc.summary.txt
    wall 37.08 s   maxrss 1396336 KB

# M5 Figure 4: P(page has at most N unique 64B words accessed)
N       pct_of_page   P(<=N)
  4         6.25%   0.0557
  8         12.5%   0.1211
 16           25%   0.2671
 32           50%   0.3716
 48           75%   0.3738

# P(page has at least 48 of 64 words accessed) = 0.6262
epochs             6
llc_miss_ratio     0.020718  (DRAM accesses per memory ref)
page_observations  594995   (page x epoch pairs with >=1 access)
mean_unique_words  44.763 / 64
top4_word_share    0.0861   (share of accesses in each page's 4 hottest words)

########## sssp [userspace-load] ##########
Average Time:        68.41461
[hotskew] wrote /home/zajason/dev/advarch/memory_tiering/results/spr-20t-ul/gapbs-sssp.summary.txt
    wall 121.92 s   maxrss 2475744 KB

# M5 Figure 4: P(page has at most N unique 64B words accessed)
N       pct_of_page   P(<=N)
  4         6.25%   0.1386
  8         12.5%   0.2464
 16           25%   0.3556
 32           50%   0.4855
 48           75%   0.5433

# P(page has at least 48 of 64 words accessed) = 0.4593
epochs             15
llc_miss_ratio     0.023464  (DRAM accesses per memory ref)
page_observations  2285224   (page x epoch pairs with >=1 access)
mean_unique_words  36.348 / 64
top4_word_share    0.1079   (share of accesses in each page's 4 hottest words)

########## pr [userspace-load] ##########
Average Time:        408.74025
[hotskew] wrote /home/zajason/dev/advarch/memory_tiering/results/spr-20t-ul/gapbs-pr.summary.txt
    wall 437.14 s   maxrss 1402012 KB

# M5 Figure 4: P(page has at most N unique 64B words accessed)
N       pct_of_page   P(<=N)
  4         6.25%   0.0003
  8         12.5%   0.0004
 16           25%   0.0006
 32           50%   0.0007
 48           75%   0.0059

# P(page has at least 48 of 64 words accessed) = 0.9963
epochs             31
llc_miss_ratio     0.040608  (DRAM accesses per memory ref)
page_observations  3060526   (page x epoch pairs with >=1 access)
mean_unique_words  63.196 / 64
top4_word_share    0.0867   (share of accesses in each page's 4 hottest words)

########## bc [userspace-load] ##########
Average Time:        103.94542
[hotskew] wrote /home/zajason/dev/advarch/memory_tiering/results/spr-20t-ul/gapbs-bc.summary.txt
    wall 132.23 s   maxrss 1521352 KB

# M5 Figure 4: P(page has at most N unique 64B words accessed)
N       pct_of_page   P(<=N)
  4         6.25%   0.1602
  8         12.5%   0.2597
 16           25%   0.4177
 32           50%   0.5756
 48           75%   0.6385

# P(page has at least 48 of 64 words accessed) = 0.3666
epochs             22
llc_miss_ratio     0.051020  (DRAM accesses per memory ref)
page_observations  2830009   (page x epoch pairs with >=1 access)
mean_unique_words  31.061 / 64
top4_word_share    0.1489   (share of accesses in each page's 4 hottest words)

RUN_ALL_GAPBS_DONE
########## tc [stock] ##########
Average Time:        350.74202
[hotskew] wrote /home/zajason/dev/advarch/memory_tiering/results/spr-20t/gapbs-tc.summary.txt
    wall 351.62 s   maxrss 826532 KB

# M5 Figure 4: P(page has at most N unique 64B words accessed)
N       pct_of_page   P(<=N)
  4         6.25%   0.0228
  8         12.5%   0.0466
 16           25%   0.0965
 32           50%   0.3094
 48           75%   0.5883

# P(page has at least 48 of 64 words accessed) = 0.4315
epochs             14
llc_miss_ratio     0.006851  (DRAM accesses per memory ref)
page_observations  659962   (page x epoch pairs with >=1 access)
mean_unique_words  42.431 / 64
top4_word_share    0.1687   (share of accesses in each page's 4 hottest words)

RUN_ALL_GAPBS_DONE
########## tc [userspace-load] ##########
Average Time:        354.35791
[hotskew] wrote /home/zajason/dev/advarch/memory_tiering/results/spr-20t-ul/gapbs-tc.summary.txt
    wall 362.46 s   maxrss 830996 KB

# M5 Figure 4: P(page has at most N unique 64B words accessed)
N       pct_of_page   P(<=N)
  4         6.25%   0.0216
  8         12.5%   0.0441
 16           25%   0.0897
 32           50%   0.2810
 48           75%   0.5274

# P(page has at least 48 of 64 words accessed) = 0.4902
epochs             15
llc_miss_ratio     0.007129  (DRAM accesses per memory ref)
page_observations  741660   (page x epoch pairs with >=1 access)
mean_unique_words  44.556 / 64
top4_word_share    0.1616   (share of accesses in each page's 4 hottest words)

RUN_ALL_GAPBS_DONE
FULL_SET_DONE
