########## bfs [userspace-load] ##########
    wall 65.33 s   maxrss 1396900 KB
esults/spr-20t-ul/gapbs-bfs.summary.txt
    wall 41.96 s   maxrss 1366516 KB

# M5 Figure 4: P(page has at most N unique 64B words accessed)
N       pct_of_page   P(<=N)
  4         6.25%   0.1446
  8         12.5%   0.2856
 16           25%   0.5431
 32           50%   0.7260
 48           75%   0.7305

# P(page has at least 48 of 64 words accessed) = 0.2695
epochs             13
llc_miss_ratio     0.034371  (DRAM accesses per memory ref)
page_observations  2080054   (page x epoch pairs with >=1 access)
mean_unique_words  25.804 / 64
top4_word_share    0.1242   (share of accesses in each page's 4 hottest words)

########## cc [userspace-load] ##########
=== gapbs-cc [spr-20t-ul]  threads=1 epoch=10M variant=userspace-load ===
    ./cc -f /home/zajason/dev/advarch/memory_tiering/bench/gapbs/graphs/kron-23.sg -n 8
