########## bc on kron-25 (4.3 GB vs 1.05 GB) ##########
# M5 Figure 4: P(page has at most N unique 64B words accessed)
  4         6.25%   0.3193
  8         12.5%   0.4962
 16           25%   0.6030
 32           50%   0.7969
 48           75%   0.9024

# P(page has at least 48 of 64 words accessed) = 0.1024
epochs             108
mean_unique_words  17.735 / 64
########## sssp on kron-25 (4.3 GB vs 1.05 GB) ##########
# M5 Figure 4: P(page has at most N unique 64B words accessed)
  4         6.25%   0.4629
  8         12.5%   0.6055
 16           25%   0.7028
 32           50%   0.7616
 48           75%   0.7949

# P(page has at least 48 of 64 words accessed) = 0.2090
epochs             65
mean_unique_words  17.694 / 64
SCALE25_DONE
