=== bfs [spacesaving]  N in {50,128,512,2048,8192}  K=128 ===
50,0.2828,0.0000,0.2168,0.0000,0
128,0.7365,0.0000,0.5686,0.0000,1
512,0.7554,0.0000,0.5755,0.0000,4
2048,0.7603,0.0000,0.5755,0.0000,17
8192,0.7567,0.0000,0.5727,0.0000,68


=== cc [spacesaving]  N in {50,128,512,2048,8192}  K=128 ===
50,0.2499,0.0664,0.2051,0.0000,0
128,0.6543,0.1992,0.5241,0.0039,1
512,0.6793,0.2031,0.5189,0.0000,4
2048,0.6337,0.1953,0.5222,0.0039,17
8192,0.6001,0.2109,0.5243,0.0000,68


=== tc [spacesaving]  N in {50,128,512,2048,8192}  K=128 ===
50,0.1394,0.0033,0.0921,0.0000,0
128,0.3579,0.0100,0.2424,0.0011,1
512,0.4212,0.0240,0.2424,0.0011,4
2048,0.4314,0.0525,0.2413,0.0000,17
8192,0.4505,0.1769,0.2446,0.0011,68


=== bfs [cmsketch]  N in {50,128,512,2048,8192}  K=128 ===
50,0.7890,0.0000,0.5763,0.0000,0
128,0.6623,0.0078,0.5749,0.0000,1
512,0.7230,0.0078,0.5776,0.0000,4
2048,0.4561,0.0000,0.5763,0.0000,17
8192,0.5451,0.0156,0.6121,0.0000,68


=== cc [cmsketch]  N in {50,128,512,2048,8192}  K=128 ===
50,0.7246,0.1133,0.5303,0.0039,0
128,0.7396,0.0547,0.5189,0.0039,1
512,0.6897,0.0586,0.5266,0.0000,4
2048,0.7014,0.0117,0.5185,0.0000,17
8192,0.6979,0.0312,0.5220,0.0000,68


=== tc [cmsketch]  N in {50,128,512,2048,8192}  K=128 ===
50,0.3382,0.0156,0.2401,0.0011,0
128,0.3187,0.0039,0.2452,0.0011,1
512,0.3308,0.0140,0.2443,0.0011,4
2048,0.3589,0.0128,0.2511,0.0011,17
8192,0.4168,0.0251,0.2570,0.0000,68


TRACKERS_DONE
