##### bc epoch=0 #####
# M5 Figure 4: P(page has at most N unique 64B words accessed)
N       pct_of_page   P(<=N)
  4         6.25%   0.0002
  8         12.5%   0.0003
 16           25%   0.0004
 32           50%   0.0006
 48           75%   0.0007

# P(page has at least 48 of 64 words accessed) = 0.9993
epochs             1
llc_miss_ratio     0.051021  (DRAM accesses per memory ref)
page_observations  316840   (page x epoch pairs with >=1 access)
mean_unique_words  63.965 / 64
top4_word_share    0.1098   (share of accesses in each page's 4 hottest words)
##### sssp epoch=0 #####
# M5 Figure 4: P(page has at most N unique 64B words accessed)
N       pct_of_page   P(<=N)
  4         6.25%   0.0001
  8         12.5%   0.0002
 16           25%   0.0004
 32           50%   0.0005
 48           75%   0.0006

# P(page has at least 48 of 64 words accessed) = 0.9994
epochs             1
llc_miss_ratio     0.023464  (DRAM accesses per memory ref)
page_observations  554416   (page x epoch pairs with >=1 access)
mean_unique_words  63.970 / 64
top4_word_share    0.0850   (share of accesses in each page's 4 hottest words)
PROBE_DONE
